Info: [VCS_SAVE_RESTORE_INFO] ASLR (Address Space Layout Randomization) is detected on the machine. To enable $save functionality, ASLR will be switched off and simv re-executed.
Please use '-no_save' simv switch to avoid re-execution or '-suppress=ASLR_DETECTED_INFO' to suppress this message.
Notice: timing checks disabled with +notimingcheck at compile-time
Chronologic VCS simulator copyright 1991-2023
Contains Synopsys proprietary information.
Compiler version V-2023.12-SP1_Full64; Runtime version V-2023.12-SP1_Full64;  Jun 11 22:02 2026
	********* Init Program *********
	********* Wipe memory to 0 *********
	********* Read program *********
	********* Load program to memory *********
*Verdi* Loading libsscore_vcs202312.so
FSDB Dumper for VCS, Release Verdi_V-2023.12-SP1, Linux x86_64/64bit, 03/03/2024
(C) 1996 - 2024 by Synopsys, Inc.
*Verdi* FSDB WARNING: The FSDB file already exists. Overwriting the FSDB file may crash the programs that are using this file.
*Verdi* : Create FSDB file 'novas.fsdb'
*Verdi* : Begin traversing the scopes, layer (0).
*Verdi* : End of traversing.
**********************************************************************************
*                        simulation finished successfully                        *
**********************************************************************************

=========================== Performance Statistics ==============================
|     Phase     |     Cycles     |  Retired Inst  |     CPI      |     IPC      |
|---------------|----------------|----------------|--------------|--------------|
|     Total     |   6976         |   4990         |      1.398   |      0.715   |
|-------------------------------------------------------------------------------|
|     Main      |   67           |   27           |      2.481   |      0.403   |
|     Kernel    |   2567         |   4634         |      0.554   |      1.805   |
|-------------------------------------------------------------------------------|
|     Main Inst     |    Inst Count     | Total Inst Count  |    Percentage     |
|-------------------------------------------------------------------------------|
|       ALU         |        19         |        27         |       70.37%      |
|    Float Point    |        0          |        27         |        0.00%      |
|      Store        |        2          |        27         |        7.41%      |
|       LDST        |        7          |        27         |       25.93%      |
|    Cond Branch    |        3          |        27         |       11.11%      |
|    Indir Branch   |        0          |        27         |        0.00%      |
|     Long Jump     |        0          |        27         |        0.00%      |
|        Vec        |        0          |        27         |        0.00%      |
|        CSR        |        0          |        27         |        0.00%      |
|       Sync        |        0          |        27         |        0.00%      |
|       Ecall       |        0          |        27         |        0.00%      |
|-------------------------------------------------------------------------------|
|     Main Monitor  |    Perf Count     |    Total Perf     |    Percentage     |
|-------------------------------------------------------------------------------|
| RF Pipe Launches  |        42         |        27         |      155.56%      |
|      L1I Miss     |        1          |        31         |        3.23%      |
|   L1D Load Miss   |        0          |        5          |        0.00%      |
|   L1D Store Miss  |        0          |        2          |        0.00%      |
|  Cond Branch Misp |        1          |        3          |       33.33%      |
| Indir Branch Misp |        0          |        0          |        0.00%      |
| IFU Bran Tar Misp |        1          |        3          |       33.33%      |
|    Sync Stall     |        0          |        67         |        0.00%      |
|   Frontend Stall  |        36         |        67         |       53.73%      |
|   Backend Stall   |        53         |        67         |       79.10%      |
|    I-UTLB Miss    |        0          |                   |                   |
|    D-UTLB Miss    |        0          |                   |                   |
|    JTLB Miss      |        0          |                   |                   |
|  LSU Spec Fail    |        0          |                   |                   |
|  RF Launch Fail   |        3          |                   |                   |
| RF Reg Launch Fail|        0          |                   |                   |
| LSU Cross 4K Stall|        3          |                   |                   |
|  LSU Other Stall  |        0          |                   |                   |
|   LSU SQ Discard  |        0          |                   |                   |
|LSU SQ Data Discard|        0          |                   |                   |
|LDST Unaligh Access|        0          |                   |                   |
|-------------------------------------------------------------------------------|
|    Kernel Inst    |    Inst Count     | Total Inst Count  |    Percentage     |
|-------------------------------------------------------------------------------|
|       ALU         |        3045       |        4634       |       65.71%      |
|    Float Point    |        0          |        4634       |       -0.00%      |
|      Store        |        822        |        4634       |       17.74%      |
|       LDST        |        909        |        4634       |       19.62%      |
|    Cond Branch    |        877        |        4634       |       18.93%      |
|    Indir Branch   |        0          |        4634       |       -0.00%      |
|     Long Jump     |        0          |        4634       |       -0.00%      |
|        Vec        |        0          |        4634       |       -0.00%      |
|        CSR        |        0          |        4634       |       -0.00%      |
|       Sync        |        0          |        4634       |       -0.00%      |
|       Ecall       |        0          |        4634       |       -0.00%      |
|-------------------------------------------------------------------------------|
|   Kernel Monitor  |    Perf Count     |    Total Perf     |    Percentage     |
|-------------------------------------------------------------------------------|
| RF Pipe Launches  |        6559       |        4634       |      141.54%      |
|      L1I Miss     |        2          |        2472       |        0.08%      |
|   L1D Load Miss   |        0          |        4          |       -0.00%      |
|   L1D Store Miss  |        0          |        874        |       -0.00%      |
|  Cond Branch Misp |        31         |        877        |        3.53%      |
| Indir Branch Misp |        0          |        0          |        0.00%      |
| IFU Bran Tar Misp |        8          |        124        |        6.45%      |
|    Sync Stall     |        0          |        2567       |       -0.00%      |
|   Frontend Stall  |        182        |        2567       |        7.09%      |
|   Backend Stall   |        472        |        2567       |       18.39%      |
|    I-UTLB Miss    |        0          |                   |                   |
|    D-UTLB Miss    |        0          |                   |                   |
|    JTLB Miss      |        0          |                   |                   |
|  LSU Spec Fail    |        0          |                   |                   |
|  RF Launch Fail   |        531        |                   |                   |
| RF Reg Launch Fail|        0          |                   |                   |
| LSU Cross 4K Stall|        895        |                   |                   |
|  LSU Other Stall  |        0          |                   |                   |
|   LSU SQ Discard  |        0          |                   |                   |
|LSU SQ Data Discard|        0          |                   |                   |
|LDST Unaligh Access|        0          |                   |                   |
=================================================================================

$finish called from file "../logical/tb/tb.v", line 1016.
$finish at simulation time            700550000
           V C S   S i m u l a t i o n   R e p o r t 
Time: 70055000000 fs
CPU Time:     17.720 seconds;       Data structure size:  89.6Mb
Thu Jun 11 22:02:55 2026
