Info: [VCS_SAVE_RESTORE_INFO] ASLR (Address Space Layout Randomization) is detected on the machine. To enable $save functionality, ASLR will be switched off and simv re-executed.
Please use '-no_save' simv switch to avoid re-execution or '-suppress=ASLR_DETECTED_INFO' to suppress this message.
Notice: timing checks disabled with +notimingcheck at compile-time
Chronologic VCS simulator copyright 1991-2023
Contains Synopsys proprietary information.
Compiler version V-2023.12-SP1_Full64; Runtime version V-2023.12-SP1_Full64;  Jun 11 22:04 2026
	********* Init Program *********
	********* Wipe memory to 0 *********
	********* Read program *********
	********* Load program to memory *********
*Verdi* Loading libsscore_vcs202312.so
FSDB Dumper for VCS, Release Verdi_V-2023.12-SP1, Linux x86_64/64bit, 03/03/2024
(C) 1996 - 2024 by Synopsys, Inc.
*Verdi* FSDB WARNING: The FSDB file already exists. Overwriting the FSDB file may crash the programs that are using this file.
*Verdi* : Create FSDB file 'novas.fsdb'
*Verdi* : Begin traversing the scopes, layer (0).
*Verdi* : End of traversing.
**********************************************************************************
*                        simulation finished successfully                        *
**********************************************************************************

=========================== Performance Statistics ==============================
|     Phase     |     Cycles     |  Retired Inst  |     CPI      |     IPC      |
|---------------|----------------|----------------|--------------|--------------|
|     Total     |   29336        |   15044        |      1.950   |      0.513   |
|-------------------------------------------------------------------------------|
|     Main      |   297          |   367          |      0.809   |      1.236   |
|     Kernel    |   28966        |   14671        |      1.974   |      0.506   |
|-------------------------------------------------------------------------------|
|     Main Inst     |    Inst Count     | Total Inst Count  |    Percentage     |
|-------------------------------------------------------------------------------|
|       ALU         |        278        |        367        |       75.75%      |
|    Float Point    |        0          |        367        |        0.00%      |
|      Store        |        1          |        367        |        0.27%      |
|       LDST        |        84         |        367        |       22.89%      |
|    Cond Branch    |        72         |        367        |       19.62%      |
|    Indir Branch   |        0          |        367        |        0.00%      |
|     Long Jump     |        0          |        367        |        0.00%      |
|        Vec        |        0          |        367        |        0.00%      |
|        CSR        |        0          |        367        |        0.00%      |
|       Sync        |        0          |        367        |        0.00%      |
|       Ecall       |        0          |        367        |        0.00%      |
|-------------------------------------------------------------------------------|
|     Main Monitor  |    Perf Count     |    Total Perf     |    Percentage     |
|-------------------------------------------------------------------------------|
| RF Pipe Launches  |        445        |        367        |      121.25%      |
|      L1I Miss     |        1          |        242        |        0.41%      |
|   L1D Load Miss   |        1          |        76         |        1.32%      |
|   L1D Store Miss  |        0          |        2          |        0.00%      |
|  Cond Branch Misp |        6          |        72         |        8.33%      |
| Indir Branch Misp |        0          |        0          |        0.00%      |
| IFU Bran Tar Misp |        1          |        10         |       10.00%      |
|    Sync Stall     |        0          |        297        |        0.00%      |
|   Frontend Stall  |        70         |        297        |       23.57%      |
|   Backend Stall   |        107        |        297        |       36.03%      |
|    I-UTLB Miss    |        0          |                   |                   |
|    D-UTLB Miss    |        0          |                   |                   |
|    JTLB Miss      |        0          |                   |                   |
|  LSU Spec Fail    |        0          |                   |                   |
|  RF Launch Fail   |        1          |                   |                   |
| RF Reg Launch Fail|        0          |                   |                   |
| LSU Cross 4K Stall|        0          |                   |                   |
|  LSU Other Stall  |        0          |                   |                   |
|   LSU SQ Discard  |        0          |                   |                   |
|LSU SQ Data Discard|        0          |                   |                   |
|LDST Unaligh Access|        0          |                   |                   |
|-------------------------------------------------------------------------------|
|    Kernel Inst    |    Inst Count     | Total Inst Count  |    Percentage     |
|-------------------------------------------------------------------------------|
|       ALU         |        17083      |        14671      |      116.44%      |
|    Float Point    |        0          |        14671      |       -0.00%      |
|      Store        |        260        |        14671      |        1.77%      |
|       LDST        |        7093       |        14671      |       48.35%      |
|    Cond Branch    |        2968       |        14671      |       20.23%      |
|    Indir Branch   |        0          |        14671      |       -0.00%      |
|     Long Jump     |        0          |        14671      |       -0.00%      |
|        Vec        |        0          |        14671      |       -0.00%      |
|        CSR        |        14         |        14671      |        0.10%      |
|       Sync        |        0          |        14671      |       -0.00%      |
|       Ecall       |        0          |        14671      |       -0.00%      |
|-------------------------------------------------------------------------------|
|   Kernel Monitor  |    Perf Count     |    Total Perf     |    Percentage     |
|-------------------------------------------------------------------------------|
| RF Pipe Launches  |        37750      |        14671      |      257.31%      |
|      L1I Miss     |        4          |        24860      |        0.02%      |
|   L1D Load Miss   |        3          |        2722       |        0.11%      |
|   L1D Store Miss  |        4          |        282        |        1.42%      |
|  Cond Branch Misp |        2083       |        2968       |       70.18%      |
| Indir Branch Misp |        0          |        0          |        0.00%      |
| IFU Bran Tar Misp |        11         |        290        |        3.79%      |
|    Sync Stall     |        0          |        28966      |       -0.00%      |
|   Frontend Stall  |        4186       |        28966      |       14.45%      |
|   Backend Stall   |        12646      |        28966      |       43.66%      |
|    I-UTLB Miss    |        0          |                   |                   |
|    D-UTLB Miss    |        0          |                   |                   |
|    JTLB Miss      |        0          |                   |                   |
|  LSU Spec Fail    |        0          |                   |                   |
|  RF Launch Fail   |        22         |                   |                   |
| RF Reg Launch Fail|        0          |                   |                   |
| LSU Cross 4K Stall|        0          |                   |                   |
|  LSU Other Stall  |        29         |                   |                   |
|   LSU SQ Discard  |        0          |                   |                   |
|LSU SQ Data Discard|        0          |                   |                   |
|LDST Unaligh Access|        0          |                   |                   |
=================================================================================

$finish called from file "../logical/tb/tb.v", line 1016.
$finish at simulation time           2936550000
           V C S   S i m u l a t i o n   R e p o r t 
Time: 293655000000 fs
CPU Time:     82.370 seconds;       Data structure size:  89.6Mb
Thu Jun 11 22:06:04 2026
