Info: [VCS_SAVE_RESTORE_INFO] ASLR (Address Space Layout Randomization) is detected on the machine. To enable $save functionality, ASLR will be switched off and simv re-executed.
Please use '-no_save' simv switch to avoid re-execution or '-suppress=ASLR_DETECTED_INFO' to suppress this message.
Notice: timing checks disabled with +notimingcheck at compile-time
Chronologic VCS simulator copyright 1991-2023
Contains Synopsys proprietary information.
Compiler version V-2023.12-SP1_Full64; Runtime version V-2023.12-SP1_Full64;  Jun 11 21:53 2026
	********* Init Program *********
	********* Wipe memory to 0 *********
	********* Read program *********
	********* Load program to memory *********
*Verdi* Loading libsscore_vcs202312.so
FSDB Dumper for VCS, Release Verdi_V-2023.12-SP1, Linux x86_64/64bit, 03/03/2024
(C) 1996 - 2024 by Synopsys, Inc.
*Verdi* FSDB WARNING: The FSDB file already exists. Overwriting the FSDB file may crash the programs that are using this file.
*Verdi* : Create FSDB file 'novas.fsdb'
*Verdi* : Begin traversing the scopes, layer (0).
*Verdi* : End of traversing.
**********************************************************************************
*                        simulation finished successfully                        *
**********************************************************************************

=========================== Performance Statistics ==============================
|     Phase     |     Cycles     |  Retired Inst  |     CPI      |     IPC      |
|---------------|----------------|----------------|--------------|--------------|
|     Total     |   10144        |   7084         |      1.432   |      0.698   |
|-------------------------------------------------------------------------------|
|     Main      |   6110         |   7010         |      0.872   |      1.147   |
|     Kernel    |   6053         |   7007         |      0.864   |      1.158   |
|-------------------------------------------------------------------------------|
|     Main Inst     |    Inst Count     | Total Inst Count  |    Percentage     |
|-------------------------------------------------------------------------------|
|       ALU         |        6537       |        7010       |       93.25%      |
|    Float Point    |        0          |        7010       |        0.00%      |
|      Store        |        2          |        7010       |        0.03%      |
|       LDST        |        21         |        7010       |        0.30%      |
|    Cond Branch    |        500        |        7010       |        7.13%      |
|    Indir Branch   |        0          |        7010       |        0.00%      |
|     Long Jump     |        0          |        7010       |        0.00%      |
|        Vec        |        0          |        7010       |        0.00%      |
|        CSR        |        0          |        7010       |        0.00%      |
|       Sync        |        0          |        7010       |        0.00%      |
|       Ecall       |        0          |        7010       |        0.00%      |
|-------------------------------------------------------------------------------|
|     Main Monitor  |    Perf Count     |    Total Perf     |    Percentage     |
|-------------------------------------------------------------------------------|
| RF Pipe Launches  |        7112       |        7010       |      101.46%      |
|      L1I Miss     |        2          |        3088       |        0.06%      |
|   L1D Load Miss   |        0          |        0          |        0.00%      |
|   L1D Store Miss  |        1          |        15         |        6.67%      |
|  Cond Branch Misp |        5          |        500        |        1.00%      |
| Indir Branch Misp |        0          |        0          |        0.00%      |
| IFU Bran Tar Misp |        3          |        499        |        0.60%      |
|    Sync Stall     |        0          |        6110       |        0.00%      |
|   Frontend Stall  |        4209       |        6110       |       68.89%      |
|   Backend Stall   |        3748       |        6110       |       61.34%      |
|    I-UTLB Miss    |        0          |                   |                   |
|    D-UTLB Miss    |        0          |                   |                   |
|    JTLB Miss      |        0          |                   |                   |
|  LSU Spec Fail    |        0          |                   |                   |
|  RF Launch Fail   |        18         |                   |                   |
| RF Reg Launch Fail|        0          |                   |                   |
| LSU Cross 4K Stall|        15         |                   |                   |
|  LSU Other Stall  |        0          |                   |                   |
|   LSU SQ Discard  |        0          |                   |                   |
|LSU SQ Data Discard|        0          |                   |                   |
|LDST Unaligh Access|        0          |                   |                   |
|-------------------------------------------------------------------------------|
|    Kernel Inst    |    Inst Count     | Total Inst Count  |    Percentage     |
|-------------------------------------------------------------------------------|
|       ALU         |        6533       |        7007       |       93.24%      |
|    Float Point    |        0          |        7007       |        0.00%      |
|      Store        |        1          |        7007       |        0.01%      |
|       LDST        |        21         |        7007       |        0.30%      |
|    Cond Branch    |        500        |        7007       |        7.14%      |
|    Indir Branch   |        0          |        7007       |        0.00%      |
|     Long Jump     |        0          |        7007       |        0.00%      |
|        Vec        |        0          |        7007       |        0.00%      |
|        CSR        |        0          |        7007       |        0.00%      |
|       Sync        |        0          |        7007       |        0.00%      |
|       Ecall       |        0          |        7007       |        0.00%      |
|-------------------------------------------------------------------------------|
|   Kernel Monitor  |    Perf Count     |    Total Perf     |    Percentage     |
|-------------------------------------------------------------------------------|
| RF Pipe Launches  |        7105       |        7007       |      101.40%      |
|      L1I Miss     |        1          |        3080       |        0.03%      |
|   L1D Load Miss   |        0          |        0          |        0.00%      |
|   L1D Store Miss  |        1          |        12         |        8.33%      |
|  Cond Branch Misp |        5          |        500        |        1.00%      |
| Indir Branch Misp |        0          |        0          |        0.00%      |
| IFU Bran Tar Misp |        2          |        498        |        0.40%      |
|    Sync Stall     |        0          |        6053       |        0.00%      |
|   Frontend Stall  |        4160       |        6053       |       68.73%      |
|   Backend Stall   |        3692       |        6053       |       60.99%      |
|    I-UTLB Miss    |        0          |                   |                   |
|    D-UTLB Miss    |        0          |                   |                   |
|    JTLB Miss      |        0          |                   |                   |
|  LSU Spec Fail    |        0          |                   |                   |
|  RF Launch Fail   |        16         |                   |                   |
| RF Reg Launch Fail|        0          |                   |                   |
| LSU Cross 4K Stall|        13         |                   |                   |
|  LSU Other Stall  |        0          |                   |                   |
|   LSU SQ Discard  |        0          |                   |                   |
|LSU SQ Data Discard|        0          |                   |                   |
|LDST Unaligh Access|        0          |                   |                   |
=================================================================================

$finish called from file "../logical/tb/tb.v", line 1016.
$finish at simulation time           1017350000
           V C S   S i m u l a t i o n   R e p o r t 
Time: 101735000000 fs
CPU Time:     17.360 seconds;       Data structure size:  89.6Mb
Thu Jun 11 21:53:43 2026
