Info: [VCS_SAVE_RESTORE_INFO] ASLR (Address Space Layout Randomization) is detected on the machine. To enable $save functionality, ASLR will be switched off and simv re-executed.
Please use '-no_save' simv switch to avoid re-execution or '-suppress=ASLR_DETECTED_INFO' to suppress this message.
Notice: timing checks disabled with +notimingcheck at compile-time
Chronologic VCS simulator copyright 1991-2023
Contains Synopsys proprietary information.
Compiler version V-2023.12-SP1_Full64; Runtime version V-2023.12-SP1_Full64;  Jun 11 21:53 2026
	********* Init Program *********
	********* Wipe memory to 0 *********
	********* Read program *********
	********* Load program to memory *********
*Verdi* Loading libsscore_vcs202312.so
FSDB Dumper for VCS, Release Verdi_V-2023.12-SP1, Linux x86_64/64bit, 03/03/2024
(C) 1996 - 2024 by Synopsys, Inc.
*Verdi* FSDB WARNING: The FSDB file already exists. Overwriting the FSDB file may crash the programs that are using this file.
*Verdi* : Create FSDB file 'novas.fsdb'
*Verdi* : Begin traversing the scopes, layer (0).
*Verdi* : End of traversing.
**********************************************************************************
*                        simulation finished successfully                        *
**********************************************************************************

=========================== Performance Statistics ==============================
|     Phase     |     Cycles     |  Retired Inst  |     CPI      |     IPC      |
|---------------|----------------|----------------|--------------|--------------|
|     Total     |   8246         |   6520         |      1.265   |      0.791   |
|-------------------------------------------------------------------------------|
|     Main      |   4214         |   6446         |      0.654   |      1.530   |
|     Kernel    |   4123         |   6367         |      0.648   |      1.544   |
|-------------------------------------------------------------------------------|
|     Main Inst     |    Inst Count     | Total Inst Count  |    Percentage     |
|-------------------------------------------------------------------------------|
|       ALU         |        4994       |        6446       |       77.47%      |
|    Float Point    |        0          |        6446       |        0.00%      |
|      Store        |        2          |        6446       |        0.03%      |
|       LDST        |        13         |        6446       |        0.20%      |
|    Cond Branch    |        1750       |        6446       |       27.15%      |
|    Indir Branch   |        0          |        6446       |        0.00%      |
|     Long Jump     |        0          |        6446       |        0.00%      |
|        Vec        |        0          |        6446       |        0.00%      |
|        CSR        |        0          |        6446       |        0.00%      |
|       Sync        |        0          |        6446       |        0.00%      |
|       Ecall       |        0          |        6446       |        0.00%      |
|-------------------------------------------------------------------------------|
|     Main Monitor  |    Perf Count     |    Total Perf     |    Percentage     |
|-------------------------------------------------------------------------------|
| RF Pipe Launches  |        6984       |        6446       |      108.35%      |
|      L1I Miss     |        3          |        3617       |        0.08%      |
|   L1D Load Miss   |        0          |        3          |        0.00%      |
|   L1D Store Miss  |        1          |        4          |       25.00%      |
|  Cond Branch Misp |        80         |        1750       |        4.57%      |
| Indir Branch Misp |        0          |        0          |        0.00%      |
| IFU Bran Tar Misp |        17         |        1358       |        1.25%      |
|    Sync Stall     |        0          |        4214       |        0.00%      |
|   Frontend Stall  |        673        |        4214       |       15.97%      |
|   Backend Stall   |        1276       |        4214       |       30.28%      |
|    I-UTLB Miss    |        0          |                   |                   |
|    D-UTLB Miss    |        0          |                   |                   |
|    JTLB Miss      |        0          |                   |                   |
|  LSU Spec Fail    |        0          |                   |                   |
|  RF Launch Fail   |        2          |                   |                   |
| RF Reg Launch Fail|        0          |                   |                   |
| LSU Cross 4K Stall|        11         |                   |                   |
|  LSU Other Stall  |        0          |                   |                   |
|   LSU SQ Discard  |        0          |                   |                   |
|LSU SQ Data Discard|        0          |                   |                   |
|LDST Unaligh Access|        0          |                   |                   |
|-------------------------------------------------------------------------------|
|    Kernel Inst    |    Inst Count     | Total Inst Count  |    Percentage     |
|-------------------------------------------------------------------------------|
|       ALU         |        4938       |        6367       |       77.56%      |
|    Float Point    |        0          |        6367       |        0.00%      |
|      Store        |        1          |        6367       |        0.02%      |
|       LDST        |        11         |        6367       |        0.17%      |
|    Cond Branch    |        1728       |        6367       |       27.14%      |
|    Indir Branch   |        0          |        6367       |        0.00%      |
|     Long Jump     |        0          |        6367       |        0.00%      |
|        Vec        |        0          |        6367       |        0.00%      |
|        CSR        |        0          |        6367       |        0.00%      |
|       Sync        |        0          |        6367       |        0.00%      |
|       Ecall       |        0          |        6367       |        0.00%      |
|-------------------------------------------------------------------------------|
|   Kernel Monitor  |    Perf Count     |    Total Perf     |    Percentage     |
|-------------------------------------------------------------------------------|
| RF Pipe Launches  |        6900       |        6367       |      108.37%      |
|      L1I Miss     |        2          |        3569       |        0.06%      |
|   L1D Load Miss   |        0          |        2          |        0.00%      |
|   L1D Store Miss  |        1          |        3          |       33.33%      |
|  Cond Branch Misp |        79         |        1728       |        4.57%      |
| Indir Branch Misp |        0          |        0          |        0.00%      |
| IFU Bran Tar Misp |        16         |        1345       |        1.19%      |
|    Sync Stall     |        0          |        4123       |        0.00%      |
|   Frontend Stall  |        630        |        4123       |       15.28%      |
|   Backend Stall   |        1218       |        4123       |       29.54%      |
|    I-UTLB Miss    |        0          |                   |                   |
|    D-UTLB Miss    |        0          |                   |                   |
|    JTLB Miss      |        0          |                   |                   |
|  LSU Spec Fail    |        0          |                   |                   |
|  RF Launch Fail   |        2          |                   |                   |
| RF Reg Launch Fail|        0          |                   |                   |
| LSU Cross 4K Stall|        9          |                   |                   |
|  LSU Other Stall  |        0          |                   |                   |
|   LSU SQ Discard  |        0          |                   |                   |
|LSU SQ Data Discard|        0          |                   |                   |
|LDST Unaligh Access|        0          |                   |                   |
=================================================================================

$finish called from file "../logical/tb/tb.v", line 1016.
$finish at simulation time            827550000
           V C S   S i m u l a t i o n   R e p o r t 
Time: 82755000000 fs
CPU Time:     20.430 seconds;       Data structure size:  89.6Mb
Thu Jun 11 21:54:08 2026
