Info: [VCS_SAVE_RESTORE_INFO] ASLR (Address Space Layout Randomization) is detected on the machine. To enable $save functionality, ASLR will be switched off and simv re-executed.
Please use '-no_save' simv switch to avoid re-execution or '-suppress=ASLR_DETECTED_INFO' to suppress this message.
Notice: timing checks disabled with +notimingcheck at compile-time
Chronologic VCS simulator copyright 1991-2023
Contains Synopsys proprietary information.
Compiler version V-2023.12-SP1_Full64; Runtime version V-2023.12-SP1_Full64;  Jun 11 21:28 2026
	********* Init Program *********
	********* Wipe memory to 0 *********
	********* Read program *********
	********* Load program to memory *********
*Verdi* Loading libsscore_vcs202312.so
FSDB Dumper for VCS, Release Verdi_V-2023.12-SP1, Linux x86_64/64bit, 03/03/2024
(C) 1996 - 2024 by Synopsys, Inc.
*Verdi* FSDB WARNING: The FSDB file already exists. Overwriting the FSDB file may crash the programs that are using this file.
*Verdi* : Create FSDB file 'novas.fsdb'
*Verdi* : Begin traversing the scopes, layer (0).
*Verdi* : End of traversing.

VCUNT_SIM: CoreMark has been run 2 times, one times cost 226794 cycles !

VCUNT_SIM: CoreMark 1.0 : 4.409288 (iterations/sec)/MHz
2K performance run parameters for coremark.
CoreMark Size    : 666
Total ticks      : -1
Total time (secs): 42
Iterations/Sec   : 0
Iterations       : 2
Compiler version : GCC14.1.1 20240710
Compiler flags   : -O
Memory location  : STACK
seedcrc          : 0xe9f5
[0]crclist       : 0xe714
[0]crcmatrix     : 0x1fd7
[0]crcstate      : 0x8e3a
[0]crcfinal      : 0x72be
Correct operation validated. See readme.txt for run and reporting rules.
**********************************************************************************
*                        simulation finished successfully                        *
**********************************************************************************

=========================== Performance Statistics ==============================
|     Phase     |     Cycles     |  Retired Inst  |     CPI      |     IPC      |
|---------------|----------------|----------------|--------------|--------------|
|     Total     |   489757       |   622801       |      0.786   |      1.272   |
|-------------------------------------------------------------------------------|
|     Main      |   489657       |   622795       |      0.786   |      1.272   |
|     Kernel    |   0            |   0            |       -nan   |       -nan   |
|-------------------------------------------------------------------------------|
|     Main Inst     |    Inst Count     | Total Inst Count  |    Percentage     |
|-------------------------------------------------------------------------------|
|       ALU         |        465692     |        622795     |       74.77%      |
|    Float Point    |        29         |        622795     |        0.00%      |
|      Store        |        29090      |        622795     |        4.67%      |
|       LDST        |        159066     |        622795     |       25.54%      |
|    Cond Branch    |        116054     |        622795     |       18.63%      |
|    Indir Branch   |        500        |        622795     |        0.08%      |
|     Long Jump     |        0          |        622795     |        0.00%      |
|        Vec        |        0          |        622795     |        0.00%      |
|        CSR        |        16         |        622795     |        0.00%      |
|       Sync        |        0          |        622795     |        0.00%      |
|       Ecall       |        0          |        622795     |        0.00%      |
|-------------------------------------------------------------------------------|
|     Main Monitor  |    Perf Count     |    Total Perf     |    Percentage     |
|-------------------------------------------------------------------------------|
| RF Pipe Launches  |        767911     |        622795     |      123.30%      |
|      L1I Miss     |        331        |        368976     |        0.09%      |
|   L1D Load Miss   |        788        |        113164     |        0.70%      |
|   L1D Store Miss  |        36         |        31624      |        0.11%      |
|  Cond Branch Misp |        11226      |        116054     |        9.67%      |
| Indir Branch Misp |        89         |        500        |       17.80%      |
| IFU Bran Tar Misp |        1884       |        80035      |        2.35%      |
|    Sync Stall     |        0          |        489657     |        0.00%      |
|   Frontend Stall  |        131273     |        489657     |       26.81%      |
|   Backend Stall   |        187131     |        489657     |       38.22%      |
|    I-UTLB Miss    |        0          |                   |                   |
|    D-UTLB Miss    |        0          |                   |                   |
|    JTLB Miss      |        0          |                   |                   |
|  LSU Spec Fail    |        169        |                   |                   |
|  RF Launch Fail   |        2460       |                   |                   |
| RF Reg Launch Fail|        0          |                   |                   |
| LSU Cross 4K Stall|        607        |                   |                   |
|  LSU Other Stall  |        404        |                   |                   |
|   LSU SQ Discard  |        1          |                   |                   |
|LSU SQ Data Discard|        10         |                   |                   |
|LDST Unaligh Access|        1          |                   |                   |
|-------------------------------------------------------------------------------|
|    Kernel Inst    |    Inst Count     | Total Inst Count  |    Percentage     |
|-------------------------------------------------------------------------------|
|       ALU         |        0          |        0          |        0.00%      |
|    Float Point    |        0          |        0          |        0.00%      |
|      Store        |        0          |        0          |        0.00%      |
|       LDST        |        0          |        0          |        0.00%      |
|    Cond Branch    |        0          |        0          |        0.00%      |
|    Indir Branch   |        0          |        0          |        0.00%      |
|     Long Jump     |        0          |        0          |        0.00%      |
|        Vec        |        0          |        0          |        0.00%      |
|        CSR        |        0          |        0          |        0.00%      |
|       Sync        |        0          |        0          |        0.00%      |
|       Ecall       |        0          |        0          |        0.00%      |
|-------------------------------------------------------------------------------|
|   Kernel Monitor  |    Perf Count     |    Total Perf     |    Percentage     |
|-------------------------------------------------------------------------------|
| RF Pipe Launches  |        0          |        0          |        0.00%      |
|      L1I Miss     |        0          |        0          |        0.00%      |
|   L1D Load Miss   |        0          |        0          |        0.00%      |
|   L1D Store Miss  |        0          |        0          |        0.00%      |
|  Cond Branch Misp |        0          |        0          |        0.00%      |
| Indir Branch Misp |        0          |        0          |        0.00%      |
| IFU Bran Tar Misp |        0          |        0          |        0.00%      |
|    Sync Stall     |        0          |        0          |        0.00%      |
|   Frontend Stall  |        0          |        0          |        0.00%      |
|   Backend Stall   |        0          |        0          |        0.00%      |
|    I-UTLB Miss    |        0          |                   |                   |
|    D-UTLB Miss    |        0          |                   |                   |
|    JTLB Miss      |        0          |                   |                   |
|  LSU Spec Fail    |        0          |                   |                   |
|  RF Launch Fail   |        0          |                   |                   |
| RF Reg Launch Fail|        0          |                   |                   |
| LSU Cross 4K Stall|        0          |                   |                   |
|  LSU Other Stall  |        0          |                   |                   |
|   LSU SQ Discard  |        0          |                   |                   |
|LSU SQ Data Discard|        0          |                   |                   |
|LDST Unaligh Access|        0          |                   |                   |
=================================================================================

$finish called from file "../logical/tb/tb.v", line 1016.
$finish at simulation time          48978650000
           V C S   S i m u l a t i o n   R e p o r t 
Time: 4897865000000 fs
CPU Time:   1537.810 seconds;       Data structure size:  89.6Mb
Thu Jun 11 21:51:09 2026
