Command: /home/wangwy/openproject/openc910/smart_run/work/./simv -l run.vcs.log +sym_main=7f0 +sym_exit=c0 +sym_perf_start=8ec +sym_perf_end=a40
Chronologic VCS simulator copyright 1991-2023
Contains Synopsys proprietary information.
Compiler version V-2023.12-SP1_Full64; Runtime version V-2023.12-SP1_Full64;  Jun 30 20:03 2026
	********* Init Program *********
	********* Wipe memory to 0 *********
	********* Read program *********
	********* Load program to memory *********
*Verdi* Loading libsscore_vcs202312.so
FSDB Dumper for VCS, Release Verdi_V-2023.12-SP1, Linux x86_64/64bit, 03/03/2024
(C) 1996 - 2024 by Synopsys, Inc.
*Verdi* FSDB WARNING: The FSDB file already exists. Overwriting the FSDB file may crash the programs that are using this file.
*Verdi* : Create FSDB file 'novas.fsdb'
*Verdi* : Begin traversing the scopes, layer (0).
*Verdi* : End of traversing.

Dhrystone Benchmark, Version 2.1 (Language: C)

rograam compiled without 'register' attribute


Execution starts, 1000 runs through Dhrystone
Execution ends
Cycles for one run through Dhrystone:        109.7 
Dhrystones per simulated MHz:               9114.5 
DMIPS/MHz:                                   5.188 

TEST PASS
**********************************************************************************
*                        simulation finished successfully                        *
**********************************************************************************

=========================== Performance Statistics ==============================
|     Phase     |     Cycles     |  Retired Inst  |     CPI      |     IPC      |
|---------------|----------------|----------------|--------------|--------------|
|     Total     |   123758       |   213168       |      0.581   |      1.722   |
|-------------------------------------------------------------------------------|
|     Main      |   123704       |   213162       |      0.580   |      1.723   |
|     Kernel    |   120093       |   210125       |      0.572   |      1.750   |
|-------------------------------------------------------------------------------|
|     Main Inst     |    Inst Count     | Total Inst Count  |    Percentage     |
|-------------------------------------------------------------------------------|
|       ALU         |        118197     |        213162     |       55.45%      |
|    Float Point    |        100        |        213162     |        0.05%      |
|      Store        |        37601      |        213162     |       17.64%      |
|       LDST        |        94664      |        213162     |       44.41%      |
|    Cond Branch    |        24040      |        213162     |       11.28%      |
|    Indir Branch   |        213        |        213162     |        0.10%      |
|     Long Jump     |        0          |        213162     |        0.00%      |
|        Vec        |        0          |        213162     |        0.00%      |
|        CSR        |        16         |        213162     |        0.01%      |
|       Sync        |        0          |        213162     |        0.00%      |
|       Ecall       |        0          |        213162     |        0.00%      |
|-------------------------------------------------------------------------------|
|     Main Monitor  |    Perf Count     |    Total Perf     |    Percentage     |
|-------------------------------------------------------------------------------|
| RF Pipe Launches  |        317941     |        213162     |      149.15%      |
|      L1I Miss     |        76         |        109050     |        0.07%      |
|   L1D Load Miss   |        19         |        40913      |        0.05%      |
|   L1D Store Miss  |        19         |        38323      |        0.05%      |
|  Cond Branch Misp |        207        |        24040      |        0.86%      |
| Indir Branch Misp |        37         |        213        |       17.37%      |
| IFU Bran Tar Misp |        141        |        19087      |        0.74%      |
|    Sync Stall     |        0          |        123704     |        0.00%      |
|   Frontend Stall  |        17627      |        123704     |       14.25%      |
|   Backend Stall   |        36831      |        123704     |       29.77%      |
|    I-UTLB Miss    |        0          |                   |                   |
|    D-UTLB Miss    |        0          |                   |                   |
|    JTLB Miss      |        0          |                   |                   |
|  LSU Spec Fail    |        1000       |                   |                   |
|  RF Launch Fail   |        10468      |                   |                   |
| RF Reg Launch Fail|        0          |                   |                   |
| LSU Cross 4K Stall|        14381      |                   |                   |
|  LSU Other Stall  |        10016      |                   |                   |
|   LSU SQ Discard  |        0          |                   |                   |
|LSU SQ Data Discard|        5          |                   |                   |
|LDST Unaligh Access|        0          |                   |                   |
|-------------------------------------------------------------------------------|
|    Kernel Inst    |    Inst Count     | Total Inst Count  |    Percentage     |
|-------------------------------------------------------------------------------|
|       ALU         |        116086     |        210125     |       55.25%      |
|    Float Point    |        34         |        210125     |        0.02%      |
|      Store        |        37355      |        210125     |       17.78%      |
|       LDST        |        93865      |        210125     |       44.67%      |
|    Cond Branch    |        23476      |        210125     |       11.17%      |
|    Indir Branch   |        103        |        210125     |        0.05%      |
|     Long Jump     |        0          |        210125     |        0.00%      |
|        Vec        |        0          |        210125     |        0.00%      |
|        CSR        |        16         |        210125     |        0.01%      |
|       Sync        |        0          |        210125     |        0.00%      |
|       Ecall       |        0          |        210125     |        0.00%      |
|-------------------------------------------------------------------------------|
|   Kernel Monitor  |    Perf Count     |    Total Perf     |    Percentage     |
|-------------------------------------------------------------------------------|
| RF Pipe Launches  |        313263     |        210125     |      149.08%      |
|      L1I Miss     |        68         |        106211     |        0.06%      |
|   L1D Load Miss   |        18         |        40437      |        0.04%      |
|   L1D Store Miss  |        18         |        38173      |        0.05%      |
|  Cond Branch Misp |        117        |        23476      |        0.50%      |
| Indir Branch Misp |        33         |        103        |       32.04%      |
| IFU Bran Tar Misp |        89         |        18540      |        0.48%      |
|    Sync Stall     |        0          |        120093     |        0.00%      |
|   Frontend Stall  |        16614      |        120093     |       13.83%      |
|   Backend Stall   |        35123      |        120093     |       29.25%      |
|    I-UTLB Miss    |        0          |                   |                   |
|    D-UTLB Miss    |        0          |                   |                   |
|    JTLB Miss      |        0          |                   |                   |
|  LSU Spec Fail    |        1000       |                   |                   |
|  RF Launch Fail   |        10319      |                   |                   |
| RF Reg Launch Fail|        0          |                   |                   |
| LSU Cross 4K Stall|        14250      |                   |                   |
|  LSU Other Stall  |        9993       |                   |                   |
|   LSU SQ Discard  |        0          |                   |                   |
|LSU SQ Data Discard|        5          |                   |                   |
|LDST Unaligh Access|        0          |                   |                   |
=================================================================================

$finish called from file "../logical/tb/tb.v", line 1016.
$finish at simulation time          12378750000
           V C S   S i m u l a t i o n   R e p o r t 
Time: 1237875000000 fs
CPU Time:    482.160 seconds;       Data structure size:  89.6Mb
Tue Jun 30 20:10:57 2026
