Info: [VCS_SAVE_RESTORE_INFO] ASLR (Address Space Layout Randomization) is detected on the machine. To enable $save functionality, ASLR will be switched off and simv re-executed.
Please use '-no_save' simv switch to avoid re-execution or '-suppress=ASLR_DETECTED_INFO' to suppress this message.
Notice: timing checks disabled with +notimingcheck at compile-time
Chronologic VCS simulator copyright 1991-2023
Contains Synopsys proprietary information.
Compiler version V-2023.12-SP1_Full64; Runtime version V-2023.12-SP1_Full64;  Jun 30 23:49 2026
	********* Init Program *********
	********* Wipe memory to 0 *********
	********* Read program *********
	********* Load program to memory *********
VVCUNT_SIM: CoreMark has been run 30 times, one times cost 149746 cycles !

VCUNT_SIM: CoreMark 1.0 : 6.677975 (iterations/sec)/MHz
K perrformance run parameters for coremark.
CoreMark Size    : 666
Total ticks      : -1
Total time (secs): 42
Iterations/Sec   : 0
Iterations       : 30
Compiler version : GCC14.1.1 20240710
Compiler flags   : -O
Memory location  : STACK
seedcrc          : 0xe955
[0]crclist       : 0xe714
[0]crcmatrix     : 0x1fd7
[0]crcstate      : 0x8e3a
[0]crcfinal      : 0xf8b3
Correct operation validated. See readme.txt for run and reporting rules.
**********************************************************************************
*                        simulation finished successfully                        *
**********************************************************************************

=========================== Performance Statistics ==============================
|     Phase     |     Cycles     |  Retired Inst  |     CPI      |     IPC      |
|---------------|----------------|----------------|--------------|--------------|
|     Total     |   4529201      |   6980729      |      0.649   |      1.541   |
|-------------------------------------------------------------------------------|
|     Main      |   4524999      |   6980632      |      0.648   |      1.543   |
|     Kernel    |   4514043      |   6970698      |      0.648   |      1.544   |
|-------------------------------------------------------------------------------|
|     Main Inst     |    Inst Count     | Total Inst Count  |    Percentage     |
|-------------------------------------------------------------------------------|
|       ALU         |        3902254    |        6980632    |       55.90%      |
|    Float Point    |        29         |        6980632    |        0.00%      |
|      Store        |        404237     |        6980632    |        5.79%      |
|       LDST        |        2204526    |        6980632    |       31.58%      |
|    Cond Branch    |        1423287    |        6980632    |       20.39%      |
|    Indir Branch   |        502        |        6980632    |        0.01%      |
|     Long Jump     |        0          |        6980632    |        0.00%      |
|        Vec        |        0          |        6980632    |        0.00%      |
|        CSR        |        2          |        6980632    |        0.00%      |
|       Sync        |        0          |        6980632    |        0.00%      |
|       Ecall       |        0          |        6980632    |        0.00%      |
|-------------------------------------------------------------------------------|
|     Main Monitor  |    Perf Count     |    Total Perf     |    Percentage     |
|-------------------------------------------------------------------------------|
| RF Pipe Launches  |        8116756    |        6980632    |      116.28%      |
|      L1I Miss     |        322        |        3292145    |        0.01%      |
|   L1D Load Miss   |        11426      |        1640317    |        0.70%      |
|   L1D Store Miss  |        41         |        436806     |        0.01%      |
|  Cond Branch Misp |        50329      |        1423287    |        3.54%      |
| Indir Branch Misp |        98         |        502        |       19.52%      |
| IFU Bran Tar Misp |        2460       |        868046     |        0.28%      |
|    Sync Stall     |        0          |        4524999    |        0.00%      |
|   Frontend Stall  |        1351882    |        4524999    |       29.88%      |
|   Backend Stall   |        1549001    |        4524999    |       34.23%      |
|    I-UTLB Miss    |        0          |                   |                   |
|    D-UTLB Miss    |        0          |                   |                   |
|    JTLB Miss      |        0          |                   |                   |
|  LSU Spec Fail    |        2679       |                   |                   |
|  RF Launch Fail   |        24526      |                   |                   |
| RF Reg Launch Fail|        913        |                   |                   |
| LSU Cross 4K Stall|        621        |                   |                   |
|  LSU Other Stall  |        2611       |                   |                   |
|   LSU SQ Discard  |        14         |                   |                   |
|LSU SQ Data Discard|        632        |                   |                   |
|LDST Unaligh Access|        0          |                   |                   |
|-------------------------------------------------------------------------------|
|    Kernel Inst    |    Inst Count     | Total Inst Count  |    Percentage     |
|-------------------------------------------------------------------------------|
|       ALU         |        3896078    |        6970698    |       55.89%      |
|    Float Point    |        29         |        6970698    |        0.00%      |
|      Store        |        403075     |        6970698    |        5.78%      |
|       LDST        |        2201072    |        6970698    |       31.58%      |
|    Cond Branch    |        1421642    |        6970698    |       20.39%      |
|    Indir Branch   |        142        |        6970698    |        0.00%      |
|     Long Jump     |        0          |        6970698    |        0.00%      |
|        Vec        |        0          |        6970698    |        0.00%      |
|        CSR        |        16         |        6970698    |        0.00%      |
|       Sync        |        0          |        6970698    |        0.00%      |
|       Ecall       |        0          |        6970698    |        0.00%      |
|-------------------------------------------------------------------------------|
|   Kernel Monitor  |    Perf Count     |    Total Perf     |    Percentage     |
|-------------------------------------------------------------------------------|
| RF Pipe Launches  |        8100384    |        6970698    |      116.21%      |
|      L1I Miss     |        268        |        3281277    |        0.01%      |
|   L1D Load Miss   |        11424      |        1638365    |        0.70%      |
|   L1D Store Miss  |        45         |        435977     |        0.01%      |
|  Cond Branch Misp |        50003      |        1421642    |        3.52%      |
| Indir Branch Misp |        34         |        142        |       23.94%      |
| IFU Bran Tar Misp |        2233       |        866143     |        0.26%      |
|    Sync Stall     |        0          |        4514043    |        0.00%      |
|   Frontend Stall  |        1350426    |        4514043    |       29.92%      |
|   Backend Stall   |        1544165    |        4514043    |       34.21%      |
|    I-UTLB Miss    |        0          |                   |                   |
|    D-UTLB Miss    |        0          |                   |                   |
|    JTLB Miss      |        0          |                   |                   |
|  LSU Spec Fail    |        2666       |                   |                   |
|  RF Launch Fail   |        23629      |                   |                   |
| RF Reg Launch Fail|        911        |                   |                   |
| LSU Cross 4K Stall|        147        |                   |                   |
|  LSU Other Stall  |        2462       |                   |                   |
|   LSU SQ Discard  |        12         |                   |                   |
|LSU SQ Data Discard|        499        |                   |                   |
|LDST Unaligh Access|        0          |                   |                   |
=================================================================================

$finish called from file "../logical/tb/tb.v", line 1016.
$finish at simulation time         452923050000
           V C S   S i m u l a t i o n   R e p o r t 
Time: 45292305000000 fs
CPU Time:   9937.730 seconds;       Data structure size:  87.7Mb
Wed Jul  1 02:36:32 2026
