Command: /home/wangwy/openproject/openc910/smart_run/work/./simv -l run.vcs.log +sym_main=7f0 +sym_exit=c0 +sym_perf_start=8ee +sym_perf_end=9be
Chronologic VCS simulator copyright 1991-2023
Contains Synopsys proprietary information.
Compiler version V-2023.12-SP1_Full64; Runtime version V-2023.12-SP1_Full64;  Jun 30 06:55 2026
	********* Init Program *********
	********* Wipe memory to 0 *********
	********* Read program *********
	********* Load program to memory *********
*Verdi* Loading libsscore_vcs202312.so
FSDB Dumper for VCS, Release Verdi_V-2023.12-SP1, Linux x86_64/64bit, 03/03/2024
(C) 1996 - 2024 by Synopsys, Inc.
*Verdi* FSDB WARNING: The FSDB file already exists. Overwriting the FSDB file may crash the programs that are using this file.
*Verdi* : Create FSDB file 'novas.fsdb'
*Verdi* : Begin traversing the scopes, layer (0).
*Verdi* : End of traversing.

Dhrystone Benchmark, Version 2.1 (Language: C)

rograam compiled without 'register' attribute


Execution starts, 1000 runs through Dhrystone
Execution ends
Cycles for one run through Dhrystone:        135.4 
Dhrystones per simulated MHz:               7385.6 
DMIPS/MHz:                                   4.204 

TEST PASS
**********************************************************************************
*                        simulation finished successfully                        *
**********************************************************************************

=========================== Performance Statistics ==============================
|     Phase     |     Cycles     |  Retired Inst  |     CPI      |     IPC      |
|---------------|----------------|----------------|--------------|--------------|
|     Total     |   150107       |   293442       |      0.512   |      1.955   |
|-------------------------------------------------------------------------------|
|     Main      |   6277         |   5342         |      1.175   |      0.851   |
|     Kernel    |   0            |   0            |       -nan   |       -nan   |
|-------------------------------------------------------------------------------|
|     Main Inst     |    Inst Count     | Total Inst Count  |    Percentage     |
|-------------------------------------------------------------------------------|
|       ALU         |        3333       |        5342       |       62.39%      |
|    Float Point    |        94         |        5342       |        1.76%      |
|      Store        |        577        |        5342       |       10.80%      |
|       LDST        |        1490       |        5342       |       27.89%      |
|    Cond Branch    |        788        |        5342       |       14.75%      |
|    Indir Branch   |        165        |        5342       |        3.09%      |
|     Long Jump     |        0          |        5342       |        0.00%      |
|        Vec        |        0          |        5342       |        0.00%      |
|        CSR        |        1          |        5342       |        0.02%      |
|       Sync        |        0          |        5342       |        0.00%      |
|       Ecall       |        0          |        5342       |        0.00%      |
|-------------------------------------------------------------------------------|
|     Main Monitor  |    Perf Count     |    Total Perf     |    Percentage     |
|-------------------------------------------------------------------------------|
| RF Pipe Launches  |        8149       |        5342       |      152.55%      |
|      L1I Miss     |        24         |        4693       |        0.51%      |
|   L1D Load Miss   |        1          |        783        |        0.13%      |
|   L1D Store Miss  |        1          |        436        |        0.23%      |
|  Cond Branch Misp |        123        |        788        |       15.61%      |
| Indir Branch Misp |        14         |        165        |        8.48%      |
| IFU Bran Tar Misp |        76         |        978        |        7.77%      |
|    Sync Stall     |        0          |        6277       |        0.00%      |
|   Frontend Stall  |        2103       |        6277       |       33.50%      |
|   Backend Stall   |        3351       |        6277       |       53.39%      |
|    I-UTLB Miss    |        0          |                   |                   |
|    D-UTLB Miss    |        0          |                   |                   |
|    JTLB Miss      |        0          |                   |                   |
|  LSU Spec Fail    |        1          |                   |                   |
|  RF Launch Fail   |        372        |                   |                   |
| RF Reg Launch Fail|        0          |                   |                   |
| LSU Cross 4K Stall|        204        |                   |                   |
|  LSU Other Stall  |        22         |                   |                   |
|   LSU SQ Discard  |        0          |                   |                   |
|LSU SQ Data Discard|        0          |                   |                   |
|LDST Unaligh Access|        24         |                   |                   |
|-------------------------------------------------------------------------------|
|    Kernel Inst    |    Inst Count     | Total Inst Count  |    Percentage     |
|-------------------------------------------------------------------------------|
|       ALU         |        0          |        0          |        0.00%      |
|    Float Point    |        0          |        0          |        0.00%      |
|      Store        |        0          |        0          |        0.00%      |
|       LDST        |        0          |        0          |        0.00%      |
|    Cond Branch    |        0          |        0          |        0.00%      |
|    Indir Branch   |        0          |        0          |        0.00%      |
|     Long Jump     |        0          |        0          |        0.00%      |
|        Vec        |        0          |        0          |        0.00%      |
|        CSR        |        0          |        0          |        0.00%      |
|       Sync        |        0          |        0          |        0.00%      |
|       Ecall       |        0          |        0          |        0.00%      |
|-------------------------------------------------------------------------------|
|   Kernel Monitor  |    Perf Count     |    Total Perf     |    Percentage     |
|-------------------------------------------------------------------------------|
| RF Pipe Launches  |        0          |        0          |        0.00%      |
|      L1I Miss     |        0          |        0          |        0.00%      |
|   L1D Load Miss   |        0          |        0          |        0.00%      |
|   L1D Store Miss  |        0          |        0          |        0.00%      |
|  Cond Branch Misp |        0          |        0          |        0.00%      |
| Indir Branch Misp |        0          |        0          |        0.00%      |
| IFU Bran Tar Misp |        0          |        0          |        0.00%      |
|    Sync Stall     |        0          |        0          |        0.00%      |
|   Frontend Stall  |        0          |        0          |        0.00%      |
|   Backend Stall   |        0          |        0          |        0.00%      |
|    I-UTLB Miss    |        0          |                   |                   |
|    D-UTLB Miss    |        0          |                   |                   |
|    JTLB Miss      |        0          |                   |                   |
|  LSU Spec Fail    |        0          |                   |                   |
|  RF Launch Fail   |        0          |                   |                   |
| RF Reg Launch Fail|        0          |                   |                   |
| LSU Cross 4K Stall|        0          |                   |                   |
|  LSU Other Stall  |        0          |                   |                   |
|   LSU SQ Discard  |        0          |                   |                   |
|LSU SQ Data Discard|        0          |                   |                   |
|LDST Unaligh Access|        0          |                   |                   |
=================================================================================

$finish called from file "../logical/tb/tb.v", line 1016.
$finish at simulation time          15013650000
           V C S   S i m u l a t i o n   R e p o r t 
Time: 1501365000000 fs
CPU Time:    615.660 seconds;       Data structure size:  89.6Mb
Tue Jun 30 07:04:52 2026
